<html>
<body>
<pre>
<h1>礦ision Build Log</h1>
<h2>Tool Versions:</h2>
IDE-Version: μVision V5.14.0.0
Copyright (C) 2015 ARM Ltd and ARM Germany GmbH. All rights reserved.
License Information: D R, Desert Rangers, LIC=76FSB-2TCZN-U4NS7-E7ZXP-J0CQE-0WNH9
 
Tool Versions:
Toolchain:       MDK-ARM Standard  Version: 5.14.0.0
Toolchain Path:  D:\KEIL V514\ARM\ARMCC\Bin
C Compiler:      Armcc.exe V5.05 update 1 (build 106)
Assembler:       Armasm.exe V5.05 update 1 (build 106)
Linker/Locator:  ArmLink.exe V5.05 update 1 (build 106)
Library Manager: ArmAr.exe V5.05 update 1 (build 106)
Hex Converter:   FromElf.exe V5.05 update 1 (build 106)
CPU DLL:         SARMCM3.DLL V5.14.0.0
Dialog DLL:      DCM.DLL V1.13.1.0
Target DLL:      Segger\JL2CM3.dll V2.99.13.0
Dialog DLL:      TCM.DLL V1.14.4.0
 
<h2>Project:</h2>
E:\2018-Robomaster\IFR-RM\2018热身赛前\IFR_Engineering_Main_YuXin\KEIL\IFR_Engineering_Main_2018.uvprojx
Project File Date:  05/07/2018

<h2>Output:</h2>
Build target 'IFR_Engineering_Main_2018'
compiling take_bullet.c...
linking...
Program Size: Code=26596 RO-data=488 RW-data=1596 ZI-data=2628  
FromELF: creating hex file...
".\Objects\IFR_Engineering_Main_2018.axf" - 0 Error(s), 0 Warning(s).

<h2>Collection of Component include folders:</h2>
  E:\2018-Robomaster\IFR-RM\2018热身赛前\IFR_Engineering_Main_YuXin\KEIL\RTE
  D:\KEIL V514\ARM\PACK\Keil\STM32F4xx_DFP\2.11.0

<h2>Collection of Component Files used:</h2>
</pre>
</body>
</html>
